// Jest Snapshot v1, https://goo.gl/fbAQLP

exports[`should handle onChange 1`] = `
[MockFunction] {
  "calls": Array [
    Array [
      Array [
        Object {
          "name": 1,
        },
        Object {
          "name": 2,
        },
      ],
    ],
  ],
}
`;
